// Jest Snapshot v1, https://goo.gl/fbAQLP

exports[`renders without crashing 1`] = `
<div
  className="scrollable-root"
  style={
    Object {
      "maxHeight": "100%",
      "overflowX": "hidden",
      "overflowY": "scroll",
    }
  }
/>
`;
